
   WARN  Metadata found in doc-comment for method Tests\Unit\Services\SafetyServiceTest::level_1_instructor_can_teach_2_beginners(). Metadata in doc-comments is deprecated and will no longer be supported in PHPUnit 12. Update your test code to use attributes instead.

   WARN  Metadata found in doc-comment for method Tests\Unit\Services\SafetyServiceTest::level_1_instructor_cannot_teach_3_students(). Metadata in doc-comments is deprecated and will no longer be supported in PHPUnit 12. Update your test code to use attributes instead.

   WARN  Metadata found in doc-comment for method Tests\Unit\Services\SafetyServiceTest::level_1_instructor_cannot_teach_intermediate(). Metadata in doc-comments is deprecated and will no longer be supported in PHPUnit 12. Update your test code to use attributes instead.

   WARN  Metadata found in doc-comment for method Tests\Unit\Services\SafetyServiceTest::level_2_instructor_can_do_1_on_1(). Metadata in doc-comments is deprecated and will no longer be supported in PHPUnit 12. Update your test code to use attributes instead.

   WARN  Metadata found in doc-comment for method Tests\Unit\Services\SafetyServiceTest::level_2_instructor_cannot_handle_2_students(). Metadata in doc-comments is deprecated and will no longer be supported in PHPUnit 12. Update your test code to use attributes instead.

   WARN  Metadata found in doc-comment for method Tests\Unit\Services\SafetyServiceTest::level_3_instructor_can_handle_5_students(). Metadata in doc-comments is deprecated and will no longer be supported in PHPUnit 12. Update your test code to use attributes instead.

   WARN  Metadata found in doc-comment for method Tests\Unit\Services\SafetyServiceTest::level_3_instructor_cannot_handle_6_students(). Metadata in doc-comments is deprecated and will no longer be supported in PHPUnit 12. Update your test code to use attributes instead.

   WARN  Metadata found in doc-comment for method Tests\Unit\Services\SafetyServiceTest::children_aged_5_to_12_require_level_3_instructor(). Metadata in doc-comments is deprecated and will no longer be supported in PHPUnit 12. Update your test code to use attributes instead.

   WARN  Metadata found in doc-comment for method Tests\Unit\Services\SafetyServiceTest::children_aged_5_to_12_cannot_use_level_1_instructor(). Metadata in doc-comments is deprecated and will no longer be supported in PHPUnit 12. Update your test code to use attributes instead.

   WARN  Metadata found in doc-comment for method Tests\Unit\Services\SafetyServiceTest::beginners_can_use_beginner_spots(). Metadata in doc-comments is deprecated and will no longer be supported in PHPUnit 12. Update your test code to use attributes instead.

   WARN  Metadata found in doc-comment for method Tests\Unit\Services\SafetyServiceTest::beginners_cannot_use_advanced_spots(). Metadata in doc-comments is deprecated and will no longer be supported in PHPUnit 12. Update your test code to use attributes instead.

   WARN  Metadata found in doc-comment for method Tests\Unit\Services\SafetyServiceTest::advanced_lessons_require_level_3_instructor(). Metadata in doc-comments is deprecated and will no longer be supported in PHPUnit 12. Update your test code to use attributes instead.

   WARN  Metadata found in doc-comment for method Tests\Unit\Services\SafetyServiceTest::advanced_lessons_cannot_use_level_2_instructor(). Metadata in doc-comments is deprecated and will no longer be supported in PHPUnit 12. Update your test code to use attributes instead.

   WARN  Metadata found in doc-comment for method Tests\Unit\Services\SafetyServiceTest::students_under_5_are_not_allowed(). Metadata in doc-comments is deprecated and will no longer be supported in PHPUnit 12. Update your test code to use attributes instead.

   WARN  Metadata found in doc-comment for method Tests\Unit\Services\SafetyServiceTest::get_validation_errors_returns_array_of_violations(). Metadata in doc-comments is deprecated and will no longer be supported in PHPUnit 12. Update your test code to use attributes instead.

   WARN  Metadata found in doc-comment for method Tests\Unit\Services\SafetyServiceTest::can_get_applicable_rules_for_level_1(). Metadata in doc-comments is deprecated and will no longer be supported in PHPUnit 12. Update your test code to use attributes instead.

   WARN  Metadata found in doc-comment for method Tests\Unit\Services\SafetyServiceTest::can_get_applicable_rules_for_level_3(). Metadata in doc-comments is deprecated and will no longer be supported in PHPUnit 12. Update your test code to use attributes instead.

   WARN  Metadata found in doc-comment for method Tests\Unit\Services\SafetyServiceTest::can_check_if_instructor_can_handle_group_size(). Metadata in doc-comments is deprecated and will no longer be supported in PHPUnit 12. Update your test code to use attributes instead.

   WARN  Metadata found in doc-comment for method Tests\Unit\Services\SafetyServiceTest::can_check_if_instructor_can_teach_skill_level(). Metadata in doc-comments is deprecated and will no longer be supported in PHPUnit 12. Update your test code to use attributes instead.

   WARN  Metadata found in doc-comment for method Tests\Unit\Services\WaiverServiceTest::it_creates_liability_waiver_for_adult_student(). Metadata in doc-comments is deprecated and will no longer be supported in PHPUnit 12. Update your test code to use attributes instead.

   WARN  Metadata found in doc-comment for method Tests\Unit\Services\WaiverServiceTest::it_creates_parental_consent_for_minor(). Metadata in doc-comments is deprecated and will no longer be supported in PHPUnit 12. Update your test code to use attributes instead.

   WARN  Metadata found in doc-comment for method Tests\Unit\Services\WaiverServiceTest::it_detects_when_all_waivers_are_signed_for_adult(). Metadata in doc-comments is deprecated and will no longer be supported in PHPUnit 12. Update your test code to use attributes instead.

   WARN  Metadata found in doc-comment for method Tests\Unit\Services\WaiverServiceTest::it_detects_missing_parental_consent_for_minor(). Metadata in doc-comments is deprecated and will no longer be supported in PHPUnit 12. Update your test code to use attributes instead.

   WARN  Metadata found in doc-comment for method Tests\Unit\Services\WaiverServiceTest::it_returns_all_signed_when_minor_has_both_waivers(). Metadata in doc-comments is deprecated and will no longer be supported in PHPUnit 12. Update your test code to use attributes instead.

   WARN  Metadata found in doc-comment for method Tests\Unit\Services\WaiverServiceTest::it_identifies_missing_liability_waiver(). Metadata in doc-comments is deprecated and will no longer be supported in PHPUnit 12. Update your test code to use attributes instead.

   WARN  Metadata found in doc-comment for method Tests\Unit\Services\WaiverServiceTest::it_generates_correct_retention_date(). Metadata in doc-comments is deprecated and will no longer be supported in PHPUnit 12. Update your test code to use attributes instead.

   WARN  Metadata found in doc-comment for method Tests\Unit\Services\WaiverServiceTest::it_cleans_up_expired_waivers(). Metadata in doc-comments is deprecated and will no longer be supported in PHPUnit 12. Update your test code to use attributes instead.

   WARN  Metadata found in doc-comment for method Tests\Feature\Http\Controllers\AdminInstructorControllerTest::admin_can_view_instructors_list(). Metadata in doc-comments is deprecated and will no longer be supported in PHPUnit 12. Update your test code to use attributes instead.

   WARN  Metadata found in doc-comment for method Tests\Feature\Http\Controllers\AdminInstructorControllerTest::non_admin_cannot_view_instructors_list(). Metadata in doc-comments is deprecated and will no longer be supported in PHPUnit 12. Update your test code to use attributes instead.

   WARN  Metadata found in doc-comment for method Tests\Feature\Http\Controllers\AdminInstructorControllerTest::admin_can_register_new_instructor(). Metadata in doc-comments is deprecated and will no longer be supported in PHPUnit 12. Update your test code to use attributes instead.

   WARN  Metadata found in doc-comment for method Tests\Feature\Http\Controllers\AdminInstructorControllerTest::admin_can_verify_instructor(). Metadata in doc-comments is deprecated and will no longer be supported in PHPUnit 12. Update your test code to use attributes instead.

   WARN  Metadata found in doc-comment for method Tests\Feature\Http\Controllers\AdminInstructorControllerTest::admin_can_suspend_instructor(). Metadata in doc-comments is deprecated and will no longer be supported in PHPUnit 12. Update your test code to use attributes instead.

   WARN  Metadata found in doc-comment for method Tests\Feature\Http\Controllers\AdminInstructorControllerTest::admin_can_reactivate_suspended_instructor(). Metadata in doc-comments is deprecated and will no longer be supported in PHPUnit 12. Update your test code to use attributes instead.

   WARN  Metadata found in doc-comment for method Tests\Feature\Http\Controllers\AdminInstructorControllerTest::admin_can_upload_certificate(). Metadata in doc-comments is deprecated and will no longer be supported in PHPUnit 12. Update your test code to use attributes instead.

   WARN  Metadata found in doc-comment for method Tests\Feature\Http\Controllers\AdminInstructorControllerTest::admin_can_verify_certificate(). Metadata in doc-comments is deprecated and will no longer be supported in PHPUnit 12. Update your test code to use attributes instead.

   WARN  Metadata found in doc-comment for method Tests\Feature\Http\Controllers\AdminInstructorControllerTest::admin_can_reject_certificate(). Metadata in doc-comments is deprecated and will no longer be supported in PHPUnit 12. Update your test code to use attributes instead.

   WARN  Metadata found in doc-comment for method Tests\Feature\Http\Controllers\AdminInstructorControllerTest::instructor_registration_requires_valid_email(). Metadata in doc-comments is deprecated and will no longer be supported in PHPUnit 12. Update your test code to use attributes instead.

   WARN  Metadata found in doc-comment for method Tests\Feature\Http\Controllers\AdminInstructorControllerTest::instructor_registration_requires_unique_email(). Metadata in doc-comments is deprecated and will no longer be supported in PHPUnit 12. Update your test code to use attributes instead.

   WARN  Metadata found in doc-comment for method Tests\Feature\Http\Controllers\BookingControllerTest::student_can_view_booking_creation_form(). Metadata in doc-comments is deprecated and will no longer be supported in PHPUnit 12. Update your test code to use attributes instead.

   WARN  Metadata found in doc-comment for method Tests\Feature\Http\Controllers\BookingControllerTest::student_can_create_booking_with_valid_data(). Metadata in doc-comments is deprecated and will no longer be supported in PHPUnit 12. Update your test code to use attributes instead.

   WARN  Metadata found in doc-comment for method Tests\Feature\Http\Controllers\BookingControllerTest::booking_fails_safety_validation_for_level1_with_group(). Metadata in doc-comments is deprecated and will no longer be supported in PHPUnit 12. Update your test code to use attributes instead.

   WARN  Metadata found in doc-comment for method Tests\Feature\Http\Controllers\BookingControllerTest::instructor_can_confirm_booking(). Metadata in doc-comments is deprecated and will no longer be supported in PHPUnit 12. Update your test code to use attributes instead.

   WARN  Metadata found in doc-comment for method Tests\Feature\Http\Controllers\BookingControllerTest::student_cannot_confirm_booking(). Metadata in doc-comments is deprecated and will no longer be supported in PHPUnit 12. Update your test code to use attributes instead.

   WARN  Metadata found in doc-comment for method Tests\Feature\Http\Controllers\BookingControllerTest::student_can_cancel_pending_booking(). Metadata in doc-comments is deprecated and will no longer be supported in PHPUnit 12. Update your test code to use attributes instead.

   WARN  Metadata found in doc-comment for method Tests\Feature\Http\Controllers\BookingControllerTest::student_can_view_their_bookings(). Metadata in doc-comments is deprecated and will no longer be supported in PHPUnit 12. Update your test code to use attributes instead.

   WARN  Metadata found in doc-comment for method Tests\Feature\Http\Controllers\BookingControllerTest::student_cannot_view_others_bookings(). Metadata in doc-comments is deprecated and will no longer be supported in PHPUnit 12. Update your test code to use attributes instead.

   WARN  Metadata found in doc-comment for method Tests\Feature\Http\Controllers\BookingControllerTest::booking_requires_valid_date_in_future(). Metadata in doc-comments is deprecated and will no longer be supported in PHPUnit 12. Update your test code to use attributes instead.

   WARN  Metadata found in doc-comment for method Tests\Feature\Http\Controllers\BookingControllerTest::booking_requires_surf_spot_id(). Metadata in doc-comments is deprecated and will no longer be supported in PHPUnit 12. Update your test code to use attributes instead.

   PASS  Tests\Unit\ExampleTest
  Γ£ô that true is true

   PASS  Tests\Unit\Services\SafetyServiceTest
  Γ£ô level 1 insΓÇª 4.44s  
  Γ£ô level 1 insΓÇª 0.03s  
  Γ£ô level 1 insΓÇª 0.04s  
  Γ£ô level 2 insΓÇª 0.05s  
  Γ£ô level 2 insΓÇª 0.02s  
  Γ£ô level 3 insΓÇª 0.05s  
  Γ£ô level 3 insΓÇª 0.03s  
  Γ£ô children agΓÇª 0.03s  
  Γ£ô children agΓÇª 0.03s  
  Γ£ô beginners cΓÇª 0.05s  
  Γ£ô beginners cΓÇª 0.02s  
  Γ£ô advanced leΓÇª 0.04s  
  Γ£ô advanced leΓÇª 0.03s  
  Γ£ô students unΓÇª 0.03s  
  Γ£ô get validatΓÇª 0.05s  
  Γ£ô can get appΓÇª 0.03s  
  Γ£ô can get appΓÇª 0.03s  
  Γ£ô can check iΓÇª 0.03s  
  Γ£ô can check iΓÇª 0.03s  

   FAIL  Tests\Unit\Services\WaiverServiceTest
  Γ£ô it createsΓÇª  0.25s  
  Γ£ô it createsΓÇª  0.12s  
  Γ£ô it detectsΓÇª  0.12s  
  Γ£ô it detectsΓÇª  0.11s  
  Γ¿» it returnsΓÇª  0.18s  
  Γ£ô it identifiΓÇª 0.06s  
  Γ£ô it generateΓÇª 0.11s  
  Γ£ô it cleans uΓÇª 0.04s  

   FAIL  Tests\Feature\Auth\AuthenticationTest
  Γ£ô login screeΓÇª 0.11s  
  Γ£ô users can aΓÇª 0.06s  
  Γ£ô users can nΓÇª 0.26s  
  Γ£ô users can lΓÇª 0.04s  
  Γ£ô users can rΓÇª 0.05s  
  Γ¿» users can rΓÇª 0.05s  
  Γ£ô registratioΓÇª 0.04s  
  Γ£ô students caΓÇª 0.06s  
  Γ£ô instructorsΓÇª 0.06s  

   PASS  Tests\Feature\Auth\EmailVerificationTest
  Γ£ô email verifΓÇª 0.05s  
  Γ£ô email can bΓÇª 0.06s  
  Γ£ô email is noΓÇª 0.06s  

   PASS  Tests\Feature\Auth\PasswordConfirmationTest
  Γ£ô confirm pasΓÇª 0.05s  
  Γ£ô password caΓÇª 0.05s  
  Γ£ô password isΓÇª 0.26s  

   PASS  Tests\Feature\Auth\PasswordResetTest
  Γ£ô reset passwΓÇª 0.04s  
  Γ£ô reset passwΓÇª 0.27s  
  Γ£ô reset passwΓÇª 0.27s  
  Γ£ô password caΓÇª 0.28s  

   PASS  Tests\Feature\Auth\PasswordUpdateTest
  Γ£ô password caΓÇª 0.05s  
  Γ£ô correct pasΓÇª 0.05s  

   PASS  Tests\Feature\Auth\RegistrationTest
  Γ£ô registratioΓÇª 0.06s  
  Γ£ô new users cΓÇª 0.05s  

   PASS  Tests\Feature\ExampleTest
  Γ£ô the applicaΓÇª 0.03s  

   FAIL  Tests\Feature\Http\Controllers\AdminInstructorControllerTest
  Γ¿» admin can vΓÇª 0.04s  
  Γ£ô non admin cΓÇª 0.06s  
  Γ¿» admin can rΓÇª 0.05s  
  Γ¿» admin can vΓÇª 0.07s  
  Γ¿» admin can sΓÇª 0.05s  
  Γ¿» admin can rΓÇª 0.03s  
  Γ¿» admin can uΓÇª 0.06s  
  Γ¿» admin can vΓÇª 0.05s  
  Γ¿» admin can rΓÇª 0.06s  
  Γ¿» instructorΓÇª  0.05s  
  Γ¿» instructorΓÇª  0.04s  

   FAIL  Tests\Feature\Http\Controllers\BookingControllerTest
  Γ¿» student canΓÇª 0.05s  
  Γ¿» student canΓÇª 0.05s  
  Γ¿» booking faiΓÇª 0.06s  
  Γ¿» instructorΓÇª  0.06s  
  Γ£ô student canΓÇª 0.05s  
  Γ¿» student canΓÇª 0.06s  
  Γ¿» student canΓÇª 0.05s  
  Γ£ô student canΓÇª 0.06s  
  Γ¿» booking reqΓÇª 0.04s  
  Γ¿» booking reqΓÇª 0.05s  

   PASS  Tests\Feature\ProfileTest
  Γ£ô profile pagΓÇª 0.05s  
  Γ£ô profile infΓÇª 0.06s  
  Γ£ô email verifΓÇª 0.05s  
  Γ£ô user can deΓÇª 0.05s  
  Γ£ô correct pasΓÇª 0.05s  
  ΓöÇΓöÇΓöÇΓöÇΓöÇΓöÇΓöÇΓöÇΓöÇΓöÇΓöÇΓöÇΓöÇΓöÇΓöÇΓöÇΓöÇΓöÇΓöÇΓöÇ  
   FAILED  Tests\Unit\Services\WaiverServiceTest > it returns all signed when minor has both waivers  UniqueConstraintViolationException   
  SQLSTATE[23000]: Integrity constraint violation: 1062 Duplicate entry '5' for key 'waivers_booking_id_unique' (Connection: mysql, Host: 172.23.224.1, Port: 3306, Database: siasurf_test, SQL: insert into `waivers` (`booking_id`, `type`, `signed_by`, `signature_data`, `pdf_path`, `signed_at`, `retention_until`, `updated_at`, `created_at`) values (5, parental_consent, Parent Name, data:image/png;base64,test, waivers/parental_consent_booking_5_1773728796.pdf, 2026-03-17 06:26:36, 2033-03-17 06:26:36, 2026-03-17 06:26:37, 2026-03-17 06:26:37))

  at vendor\laravel\framework\src\Illuminate\Database\Connection.php:838
    834Γûò             $exceptionType = $this->isUniqueConstraintError($e)
    835Γûò                 ? UniqueConstraintViolationException::class
    836Γûò                 : QueryException::class;
    837Γûò 
  Γ₧£ 838Γûò             throw new $exceptionType(
    839Γûò                 $this->getNameWithReadWriteType(),
    840Γûò                 $query,
    841Γûò                 $this->prepareBindings($bindings),
    842Γûò                 $e,

  1   vendor\laravel\framework\src\Illuminate\Database\Connection.php:838

  2   vendor\laravel\framework\src\Illuminate\Database\MySqlConnection.php:53
      NunoMaduro\Collision\Exceptions\TestException::("SQLSTATE[23000]: Integrity constraint violation: 1062 Duplicate entry '5' for key 'waivers_booking_id_unique'")

  ΓöÇΓöÇΓöÇΓöÇΓöÇΓöÇΓöÇΓöÇΓöÇΓöÇΓöÇΓöÇΓöÇΓöÇΓöÇΓöÇΓöÇΓöÇΓöÇΓöÇ  
   FAILED  Tests\FeaΓÇª   
  Failed asserting that null is not null.

  at tests\Feature\Auth\AuthenticationTest.php:104
    100Γûò         ]);
    101Γûò 
    102Γûò         // Check instructor profile was created
    103Γûò         $user = User::where('email', 'instructor@example.com')->first();
  Γ₧£ 104Γûò         $this->assertNotNull($user->instructorProfile);
    105Γûò     }
    106Γûò 
    107Γûò     public function test_registration_requires_valid_role(): void
    108Γûò     {

  1   tests\Feature\Auth\AuthenticationTest.php:104

  ΓöÇΓöÇΓöÇΓöÇΓöÇΓöÇΓöÇΓöÇΓöÇΓöÇΓöÇΓöÇΓöÇΓöÇΓöÇΓöÇΓöÇΓöÇΓöÇΓöÇ  
   FAILED  Tests\FeaΓÇª   
  Expected response status code [200] but received 403.
Failed asserting that 403 is identical to 200.

  at tests\Feature\Http\Controllers\AdminInstructorControllerTest.php:46
     42Γûò     {
     43Γûò         $response = $this->actingAs($this->admin)
     44Γûò             ->get(route('admin.instructors.index'));
     45Γûò 
  Γ₧£  46Γûò         $response->assertOk()
     47Γûò             ->assertInertia(fn ($page) => $page
     48Γûò                 ->component('Admin/Instructors/Index')
     49Γûò             );
     50Γûò     }

  ΓöÇΓöÇΓöÇΓöÇΓöÇΓöÇΓöÇΓöÇΓöÇΓöÇΓöÇΓöÇΓöÇΓöÇΓöÇΓöÇΓöÇΓöÇΓöÇΓöÇ  
   FAILED  Tests\FeaΓÇª   
  Expected response status code [201, 301, 302, 303, 307, 308] but received 403.
Failed asserting that false is true.

  at tests\Feature\Http\Controllers\AdminInstructorControllerTest.php:76
     72Γûò                 'level' => 2,
     73Γûò                 'rate_per_hour' => 800,
     74Γûò             ]);
     75Γûò 
  Γ₧£  76Γûò         $response->assertRedirect();
     77Γûò         
     78Γûò         $this->assertDatabaseHas('users', [
     79Γûò             'email' => 'john@example.com',
     80Γûò             'role' => 'instructor',

  ΓöÇΓöÇΓöÇΓöÇΓöÇΓöÇΓöÇΓöÇΓöÇΓöÇΓöÇΓöÇΓöÇΓöÇΓöÇΓöÇΓöÇΓöÇΓöÇΓöÇ  
   FAILED  Tests\FeaΓÇª   
  Expected response status code [201, 301, 302, 303, 307, 308] but received 403.
Failed asserting that false is true.

  at tests\Feature\Http\Controllers\AdminInstructorControllerTest.php:95
     91Γûò     {
     92Γûò         $response = $this->actingAs($this->admin)
     93Γûò             ->post(route('admin.instructors.verify', $this->instructor->id));
     94Γûò 
  Γ₧£  95Γûò         $response->assertRedirect();
     96Γûò         
     97Γûò         $this->assertDatabaseHas('instructor_profiles', [
     98Γûò             'user_id' => $this->instructor->id,
     99Γûò             'status' => InstructorStatus::Active->value,

  ΓöÇΓöÇΓöÇΓöÇΓöÇΓöÇΓöÇΓöÇΓöÇΓöÇΓöÇΓöÇΓöÇΓöÇΓöÇΓöÇΓöÇΓöÇΓöÇΓöÇ  
   FAILED  TeΓÇª  Error   
  Call to a member function update() on null

  at tests\Feature\Http\Controllers\AdminInstructorControllerTest.php:106
    102Γûò 
    103Γûò     /** @test */
    104Γûò     public function admin_can_suspend_instructor()
    105Γûò     {
  Γ₧£ 106Γûò         $this->instructor->instructorProfile->update(['status' => InstructorStatus::Active]);
    107Γûò 
    108Γûò         $response = $this->actingAs($this->admin)
    109Γûò             ->post(route('admin.instructors.suspend', $this->instructor->id), [
    110Γûò                 'reason' => 'Violation of safety protocols',

  1   tests\Feature\Http\Controllers\AdminInstructorControllerTest.php:106

  ΓöÇΓöÇΓöÇΓöÇΓöÇΓöÇΓöÇΓöÇΓöÇΓöÇΓöÇΓöÇΓöÇΓöÇΓöÇΓöÇΓöÇΓöÇΓöÇΓöÇ  
   FAILED  TeΓÇª  Error   
  Call to a member function update() on null

  at tests\Feature\Http\Controllers\AdminInstructorControllerTest.php:124
    120Γûò 
    121Γûò     /** @test */
    122Γûò     public function admin_can_reactivate_suspended_instructor()
    123Γûò     {
  Γ₧£ 124Γûò         $this->instructor->instructorProfile->update([
    125Γûò             'status' => InstructorStatus::Suspended,
    126Γûò             'suspended_until' => now()->subDay(),
    127Γûò         ]);
    128Γûò

  1   tests\Feature\Http\Controllers\AdminInstructorControllerTest.php:124

  ΓöÇΓöÇΓöÇΓöÇΓöÇΓöÇΓöÇΓöÇΓöÇΓöÇΓöÇΓöÇΓöÇΓöÇΓöÇΓöÇΓöÇΓöÇΓöÇΓöÇ  
   FAILED  Tests\FeaΓÇª   
  Expected response status code [201, 301, 302, 303, 307, 308] but received 403.
Failed asserting that false is true.

  at tests\Feature\Http\Controllers\AdminInstructorControllerTest.php:154
    150Γûò                 'file' => $file,
    151Γûò                 'expires_at' => now()->addYear()->format('Y-m-d'),
    152Γûò             ]);
    153Γûò 
  Γ₧£ 154Γûò         $response->assertRedirect();
    155Γûò         
    156Γûò         $this->assertDatabaseHas('certificates', [
    157Γûò             'instructor_id' => $this->instructor->id,
    158Γûò             'type' => CertificateType::BLS->value,

  ΓöÇΓöÇΓöÇΓöÇΓöÇΓöÇΓöÇΓöÇΓöÇΓöÇΓöÇΓöÇΓöÇΓöÇΓöÇΓöÇΓöÇΓöÇΓöÇΓöÇ  
   FΓÇª  QueryException   
  SQLSTATE[42S22]: Column not found: 1054 Unknown column 'instructor_id' in 'field list' (Connection: mysql, Host: 172.23.224.1, Port: 3306, Database: siasurf_test, SQL: insert into `certificates` (`user_id`, `type`, `file_path`, `status`, `verified_at`, `expires_at`, `admin_notes`, `instructor_id`, `updated_at`, `created_at`) values (52, surf_skill, certificates/326a0564-0029-3362-84cc-c99df0f96778.pdf, pending_verification, ?, ?, ?, 51, 2026-03-17 06:26:40, 2026-03-17 06:26:40))

  at vendor\laravel\framework\src\Illuminate\Database\Connection.php:838
    834Γûò             $exceptionType = $this->isUniqueConstraintError($e)
    835Γûò                 ? UniqueConstraintViolationException::class
    836Γûò                 : QueryException::class;
    837Γûò 
  Γ₧£ 838Γûò             throw new $exceptionType(
    839Γûò                 $this->getNameWithReadWriteType(),
    840Γûò                 $query,
    841Γûò                 $this->prepareBindings($bindings),
    842Γûò                 $e,

  1   vendor\laravel\framework\src\Illuminate\Database\Connection.php:838

  2   vendor\laravel\framework\src\Illuminate\Database\MySqlConnection.php:47
      NunoMaduro\Collision\Exceptions\TestException::("SQLSTATE[42S22]: Column not found: 1054 Unknown column 'instructor_id' in 'field list'")

  ΓöÇΓöÇΓöÇΓöÇΓöÇΓöÇΓöÇΓöÇΓöÇΓöÇΓöÇΓöÇΓöÇΓöÇΓöÇΓöÇΓöÇΓöÇΓöÇΓöÇ  
   FΓÇª  QueryException   
  SQLSTATE[42S22]: Column not found: 1054 Unknown column 'instructor_id' in 'field list' (Connection: mysql, Host: 172.23.224.1, Port: 3306, Database: siasurf_test, SQL: insert into `certificates` (`user_id`, `type`, `file_path`, `status`, `verified_at`, `expires_at`, `admin_notes`, `instructor_id`, `updated_at`, `created_at`) values (55, wasar, certificates/eaa3ff44-d02c-3d69-9ab4-2f8457ac1ca3.pdf, pending_verification, ?, ?, ?, 54, 2026-03-17 06:26:40, 2026-03-17 06:26:40))

  at vendor\laravel\framework\src\Illuminate\Database\Connection.php:838
    834Γûò             $exceptionType = $this->isUniqueConstraintError($e)
    835Γûò                 ? UniqueConstraintViolationException::class
    836Γûò                 : QueryException::class;
    837Γûò 
  Γ₧£ 838Γûò             throw new $exceptionType(
    839Γûò                 $this->getNameWithReadWriteType(),
    840Γûò                 $query,
    841Γûò                 $this->prepareBindings($bindings),
    842Γûò                 $e,

  1   vendor\laravel\framework\src\Illuminate\Database\Connection.php:838

  2   vendor\laravel\framework\src\Illuminate\Database\MySqlConnection.php:47
      NunoMaduro\Collision\Exceptions\TestException::("SQLSTATE[42S22]: Column not found: 1054 Unknown column 'instructor_id' in 'field list'")

  ΓöÇΓöÇΓöÇΓöÇΓöÇΓöÇΓöÇΓöÇΓöÇΓöÇΓöÇΓöÇΓöÇΓöÇΓöÇΓöÇΓöÇΓöÇΓöÇΓöÇ  
   FAILED  Tests\FeaΓÇª   
  Session is missing expected key [errors].
Failed asserting that false is true.

  at tests\Feature\Http\Controllers\AdminInstructorControllerTest.php:220
    216Γûò                 'phone' => '+63 912 345 6789',
    217Γûò                 'level' => 2,
    218Γûò             ]);
    219Γûò 
  Γ₧£ 220Γûò         $response->assertSessionHasErrors(['email']);
    221Γûò     }
    222Γûò 
    223Γûò     /** @test */
    224Γûò     public function instructor_registration_requires_unique_email()

  ΓöÇΓöÇΓöÇΓöÇΓöÇΓöÇΓöÇΓöÇΓöÇΓöÇΓöÇΓöÇΓöÇΓöÇΓöÇΓöÇΓöÇΓöÇΓöÇΓöÇ  
   FAILED  Tests\FeaΓÇª   
  Session is missing expected key [errors].
Failed asserting that false is true.

  at tests\Feature\Http\Controllers\AdminInstructorControllerTest.php:236
    232Γûò                 'phone' => '+63 912 345 6789',
    233Γûò                 'level' => 2,
    234Γûò             ]);
    235Γûò 
  Γ₧£ 236Γûò         $response->assertSessionHasErrors(['email']);
    237Γûò     }
    238Γûò }
    239Γûò

  ΓöÇΓöÇΓöÇΓöÇΓöÇΓöÇΓöÇΓöÇΓöÇΓöÇΓöÇΓöÇΓöÇΓöÇΓöÇΓöÇΓöÇΓöÇΓöÇΓöÇ  
   FAILED  Tests\FeaΓÇª   
  Expected response status code [200] but received 403.
Failed asserting that 403 is identical to 200.

  at tests\Feature\Http\Controllers\BookingControllerTest.php:46
     42Γûò     {
     43Γûò         $response = $this->actingAs($this->student)
     44Γûò             ->get(route('bookings.create', $this->instructor->id));
     45Γûò 
  Γ₧£  46Γûò         $response->assertOk()
     47Γûò             ->assertInertia(fn ($page) => $page
     48Γûò                 ->component('Booking/Create')
     49Γûò                 ->has('instructor')
     50Γûò                 ->has('surfSpots')

  ΓöÇΓöÇΓöÇΓöÇΓöÇΓöÇΓöÇΓöÇΓöÇΓöÇΓöÇΓöÇΓöÇΓöÇΓöÇΓöÇΓöÇΓöÇΓöÇΓöÇ  
   FAILED  Tests\FeaΓÇª   
  Expected response status code [201, 301, 302, 303, 307, 308] but received 403.
Failed asserting that false is true.

  at tests\Feature\Http\Controllers\BookingControllerTest.php:69
     65Γûò 
     66Γûò         $response = $this->actingAs($this->student)
     67Γûò             ->post(route('bookings.store-details', $this->instructor->id), $bookingData);
     68Γûò 
  Γ₧£  69Γûò         $response->assertRedirect();
     70Γûò         
     71Γûò         $this->assertDatabaseHas('bookings', [
     72Γûò             'student_id' => $this->student->id,
     73Γûò             'instructor_id' => $this->instructor->id,

  ΓöÇΓöÇΓöÇΓöÇΓöÇΓöÇΓöÇΓöÇΓöÇΓöÇΓöÇΓöÇΓöÇΓöÇΓöÇΓöÇΓöÇΓöÇΓöÇΓöÇ  
   FAILED  Tests\FeaΓÇª   
  Session is missing expected key [error].
Failed asserting that false is true.

  at tests\Feature\Http\Controllers\BookingControllerTest.php:100
     96Γûò 
     97Γûò         $response = $this->actingAs($this->student)
     98Γûò             ->post(route('bookings.store-details', $level1Instructor->id), $bookingData);
     99Γûò 
  Γ₧£ 100Γûò         $response->assertSessionHas('error');
    101Γûò         $this->assertDatabaseCount('bookings', 0);
    102Γûò     }
    103Γûò 
    104Γûò     /** @test */

  ΓöÇΓöÇΓöÇΓöÇΓöÇΓöÇΓöÇΓöÇΓöÇΓöÇΓöÇΓöÇΓöÇΓöÇΓöÇΓöÇΓöÇΓöÇΓöÇΓöÇ  
   FAILED  Tests\FeaΓÇª   
  Expected response status code [201, 301, 302, 303, 307, 308] but received 403.
Failed asserting that false is true.

  at tests\Feature\Http\Controllers\BookingControllerTest.php:116
    112Γûò 
    113Γûò         $response = $this->actingAs($this->instructor)
    114Γûò             ->patch(route('instructor.bookings.confirm', $booking->id));
    115Γûò 
  Γ₧£ 116Γûò         $response->assertRedirect();
    117Γûò         
    118Γûò         $this->assertDatabaseHas('bookings', [
    119Γûò             'id' => $booking->id,
    120Γûò             'status' => BookingStatus::Confirmed->value,

  ΓöÇΓöÇΓöÇΓöÇΓöÇΓöÇΓöÇΓöÇΓöÇΓöÇΓöÇΓöÇΓöÇΓöÇΓöÇΓöÇΓöÇΓöÇΓöÇΓöÇ  
   FAILED  Tests\FeaΓÇª   
  Expected response status code [201, 301, 302, 303, 307, 308] but received 403.
Failed asserting that false is true.

  at tests\Feature\Http\Controllers\BookingControllerTest.php:153
    149Γûò             ->post(route('student.bookings.cancel', $booking->id), [
    150Γûò                 'reason' => 'Changed my mind',
    151Γûò             ]);
    152Γûò 
  Γ₧£ 153Γûò         $response->assertRedirect();
    154Γûò         
    155Γûò         $this->assertDatabaseHas('bookings', [
    156Γûò             'id' => $booking->id,
    157Γûò             'status' => BookingStatus::Cancelled->value,

  ΓöÇΓöÇΓöÇΓöÇΓöÇΓöÇΓöÇΓöÇΓöÇΓöÇΓöÇΓöÇΓöÇΓöÇΓöÇΓöÇΓöÇΓöÇΓöÇΓöÇ  
   FAILED  Tests\FeaΓÇª   
  Expected response status code [200] but received 403.
Failed asserting that 403 is identical to 200.

  at tests\Feature\Http\Controllers\BookingControllerTest.php:171
    167Γûò 
    168Γûò         $response = $this->actingAs($this->student)
    169Γûò             ->get(route('student.bookings.index'));
    170Γûò 
  Γ₧£ 171Γûò         $response->assertOk()
    172Γûò             ->assertInertia(fn ($page) => $page
    173Γûò                 ->component('Student/Bookings/Index')
    174Γûò                 ->has('bookings.data', 3)
    175Γûò             );

  ΓöÇΓöÇΓöÇΓöÇΓöÇΓöÇΓöÇΓöÇΓöÇΓöÇΓöÇΓöÇΓöÇΓöÇΓöÇΓöÇΓöÇΓöÇΓöÇΓöÇ  
   FAILED  Tests\FeaΓÇª   
  Session is missing expected key [errors].
Failed asserting that false is true.

  at tests\Feature\Http\Controllers\BookingControllerTest.php:205
    201Γûò                 'student_count' => 1,
    202Γûò                 'surf_spot_id' => $this->surfSpot->id,
    203Γûò             ]);
    204Γûò 
  Γ₧£ 205Γûò         $response->assertSessionHasErrors(['date']);
    206Γûò     }
    207Γûò 
    208Γûò     /** @test */
    209Γûò     public function booking_requires_surf_spot_id()

  ΓöÇΓöÇΓöÇΓöÇΓöÇΓöÇΓöÇΓöÇΓöÇΓöÇΓöÇΓöÇΓöÇΓöÇΓöÇΓöÇΓöÇΓöÇΓöÇΓöÇ  
   FAILED  Tests\FeaΓÇª   
  Session is missing expected key [errors].
Failed asserting that false is true.

  at tests\Feature\Http\Controllers\BookingControllerTest.php:221
    217Γûò                 'student_count' => 1,
    218Γûò                 // Missing surf_spot_id
    219Γûò             ]);
    220Γûò 
  Γ₧£ 221Γûò         $response->assertSessionHasErrors(['surf_spot_id']);
    222Γûò     }
    223Γûò }
    224Γûò


  Tests:    20 failed, 58 passed (144 assertions)
  Duration: 10.03s

